2026-02-08 01:52:44 - Richiesta ricevuta
Parametri: {"lezione_id":104,"data_lezione":"2026-02-16","causale":"docente","note":"afsd"}
Inizializzazione controllers...
AssenzeController OK
LezioniController OK
Recupero lezione ID: 104
ERROR: Call to undefined method LezioniController::getLezioneById()
#0 {main}
2026-02-08 01:54:55 - Richiesta ricevuta
Parametri: {"lezione_id":105,"data_lezione":"2026-02-16","causale":"docente","note":"dffdds"}
Inizializzazione controllers...
AssenzeController OK
LezioniController OK
Recupero lezione ID: 105
Lezione trovata: {"id":105,"allievo_id":76,"docente_id":5,"materia_id":7,"aula_id":3,"giorno_settimana":"lunedi","ora_inizio":"17:30","ora_fine":"18:15","tipo":"regolare","attiva":1,"data_inizio":null,"data_fine":null,"note":null,"created_at":"2026-02-04 04:37:43","allievo":"DI MUZIO Elisa","docente":"BUONO Eleonora","materia":"Canto Pop","aula":"AULA MAGNA"}
ERROR: Call to undefined method Database::prepare()
#0 {main}
2026-02-08 01:55:47 - Richiesta ricevuta
Parametri: {"lezione_id":104,"data_lezione":"2026-02-16","causale":"docente","note":"safdsadfa"}
Inizializzazione controllers...
AssenzeController OK
LezioniController OK
Recupero lezione ID: 104
Lezione trovata: {"id":104,"allievo_id":164,"docente_id":5,"materia_id":7,"aula_id":3,"giorno_settimana":"lunedi","ora_inizio":"16:00","ora_fine":"17:00","tipo":"regolare","attiva":1,"data_inizio":null,"data_fine":null,"note":null,"created_at":"2026-02-04 04:37:43","allievo":"POZZI Ludovica","docente":"BUONO Eleonora","materia":"Canto Pop","aula":"AULA MAGNA"}
ERROR: Call to undefined method Database::prepare()
#0 {main}
2026-02-08 01:57:01 - Richiesta ricevuta
Parametri: {"lezione_id":106,"data_lezione":"2026-02-16","causale":"docente","note":"asdasd"}
Inizializzazione controllers...
AssenzeController OK
LezioniController OK
Recupero lezione ID: 106
Lezione trovata: {"id":106,"allievo_id":136,"docente_id":5,"materia_id":7,"aula_id":3,"giorno_settimana":"lunedi","ora_inizio":"18:15","ora_fine":"19:15","tipo":"regolare","attiva":1,"data_inizio":null,"data_fine":null,"note":null,"created_at":"2026-02-04 04:37:43","allievo":"MOSCHETTI Laura","docente":"BUONO Eleonora","materia":"Canto Pop","aula":"AULA MAGNA"}
ERROR: Call to undefined method Database::prepare()
#0 {main}
2026-02-08 02:10:14 - Richiesta ricevuta
Parametri: {"lezione_id":109,"data_lezione":"2026-02-16","causale":"docente","note":"sad"}
Inizializzazione controllers...
AssenzeController OK
LezioniController OK
Recupero lezione ID: 109
Lezione trovata: {"id":109,"allievo_id":115,"docente_id":2,"materia_id":3,"aula_id":5,"giorno_settimana":"lunedi","ora_inizio":"15:00","ora_fine":"15:45","tipo":"regolare","attiva":1,"data_inizio":null,"data_fine":null,"note":null,"created_at":"2026-02-04 04:37:43","allievo":"KARRAS Giuly","docente":"ALBERINI Camillo","materia":"Batteria","aula":"SALA POP"}
Dati assenza: {"allievo_id":115,"lezione_id":109,"data_assenza":"2026-02-16","causale":"docente","richiede_recupero":1,"note":"sad"}
Chiamata creaAssenza...
EXCEPTION: Dati obbligatori mancanti
#0 C:\git\ct-poc\MusicAll\api_salva_assenza_calendario.php(97): AssenzeController->creaAssenza(Array)
#1 {main}
2026-02-08 02:15:24 - Richiesta ricevuta
Parametri: {"lezione_id":107,"data_lezione":"2026-02-16","causale":"docente","note":"saddsa"}
Inizializzazione controllers...
AssenzeController OK
LezioniController OK
Recupero lezione ID: 107
Lezione trovata: {"id":107,"allievo_id":79,"docente_id":5,"materia_id":7,"aula_id":3,"giorno_settimana":"lunedi","ora_inizio":"19:15","ora_fine":"20:00","tipo":"regolare","attiva":1,"data_inizio":null,"data_fine":null,"note":null,"created_at":"2026-02-04 04:37:43","allievo":"DOLCE Chiara","docente":"BUONO Eleonora","materia":"Canto Pop","aula":"AULA MAGNA"}
Dati assenza: {"lezione_id":107,"data":"2026-02-16","causata_da":"docente","necessita_recupero":1,"note_annullamento":"saddsa"}
Chiamata creaAssenza...
Assenza creata ID: 1
Creazione recupero automatico...
ERROR: Call to undefined method RecuperiController::creaRecuperoDaAssenza()
#0 {main}
2026-02-08 02:17:40 - Richiesta ricevuta
Parametri: {"lezione_id":107,"data_lezione":"2026-02-16","causale":"docente","note":"asd"}
Inizializzazione controllers...
AssenzeController OK
LezioniController OK
Recupero lezione ID: 107
Lezione trovata: {"id":107,"allievo_id":79,"docente_id":5,"materia_id":7,"aula_id":3,"giorno_settimana":"lunedi","ora_inizio":"19:15","ora_fine":"20:00","tipo":"regolare","attiva":1,"data_inizio":null,"data_fine":null,"note":null,"created_at":"2026-02-04 04:37:43","allievo":"DOLCE Chiara","docente":"BUONO Eleonora","materia":"Canto Pop","aula":"AULA MAGNA"}
EXCEPTION: Assenza già registrata per questa lezione
#0 {main}
2026-02-08 02:17:52 - Richiesta ricevuta
Parametri: {"lezione_id":103,"data_lezione":"2026-02-16","causale":"docente","note":"dasd"}
Inizializzazione controllers...
AssenzeController OK
LezioniController OK
Recupero lezione ID: 103
Lezione trovata: {"id":103,"allievo_id":121,"docente_id":5,"materia_id":7,"aula_id":3,"giorno_settimana":"lunedi","ora_inizio":"14:00","ora_fine":"15:00","tipo":"regolare","attiva":1,"data_inizio":null,"data_fine":null,"note":null,"created_at":"2026-02-04 04:37:43","allievo":"LUCCHETTA Sara","docente":"BUONO Eleonora","materia":"Canto Pop","aula":"AULA MAGNA"}
Dati assenza: {"lezione_id":103,"data":"2026-02-16","causata_da":"docente","necessita_recupero":1,"note_annullamento":"dasd"}
Chiamata creaAssenza...
Assenza creata ID: 1
Creazione recupero automatico richiesta...
Metodo creaRecuperoDaAssenza() non implementato - skip
2026-02-08 02:20:27 - Richiesta ricevuta
Parametri: {"lezione_id":87,"data_lezione":"2026-02-02","causale":"docente","note":""}
Inizializzazione controllers...
AssenzeController OK
LezioniController OK
Recupero lezione ID: 87
Lezione trovata: {"id":87,"allievo_id":98,"docente_id":23,"materia_id":1,"aula_id":1,"giorno_settimana":"lunedi","ora_inizio":"12:15","ora_fine":"13:00","tipo":"regolare","attiva":1,"data_inizio":null,"data_fine":null,"note":null,"created_at":"2026-02-04 04:37:43","allievo":"GARAU Teresa","docente":"TESSITORE Emiliano","materia":"Chitarra","aula":"AULA MIDI"}
Dati assenza: {"lezione_id":87,"data":"2026-02-02","causata_da":"docente","necessita_recupero":1,"note_annullamento":""}
Chiamata creaAssenza...
Assenza creata ID: 1
✅ Assenza salvata con successo!
